
> my-app@0.1.0 build
> next build

Ôû▓ Next.js 16.1.6 (Turbopack)
- Environments: .env.local

  Creating an optimized production build ...
npm : Error: Cannot 
apply unknown utility 
class `shadow-[0_8px_32
px_0_rgba(31,`
At line:1 char:1
+ npm run build > 
build_output.txt 2>&1
+ ~~~~~~~~~~~~~~~~~~~~~
~~~~~~~~~~~~~~~~
    + CategoryInfo     
         : 
NotSpecified: (Err    
or: Cannot a...2px_0_r 
   gba(31,`:String) 
[], R    emoteException
    + 
FullyQualifiedErrorI   
 d : NativeCommandError
 
    [2m[at 
onInvalidCandidate (C:\
Users\LENOVO\Downloads\
Thoonganagaram-ai\node_
modules\tailwindcss\dis
t\lib.js:21:1511)][0m
    [2m[at Ee (C:\User
s\LENOVO\Downloads\Thoo
nganagaram-ai\node_modu
les\tailwindcss\dist\li
b.js:16:36740)][0m
    [2m[at C:\Users\LE
NOVO\Downloads\Thoongan
agaram-ai\node_modules\
tailwindcss\dist\lib.js
:21:355][0m
    [2m[at Pr (C:\User
s\LENOVO\Downloads\Thoo
nganagaram-ai\node_modu
les\tailwindcss\dist\li
b.js:3:1733)][0m
    [2m[at _ (C:\Users
\LENOVO\Downloads\Thoon
ganagaram-ai\node_modul
es\tailwindcss\dist\lib
.js:3:1377)][0m
    [2m[at Te (C:\User
s\LENOVO\Downloads\Thoo
nganagaram-ai\node_modu
les\tailwindcss\dist\li
b.js:21:172)][0m
    [2m[at pn (C:\User
s\LENOVO\Downloads\Thoo
nganagaram-ai\node_modu
les\tailwindcss\dist\li
b.js:38:294)][0m
    [2m[at async dn (C
:\Users\LENOVO\Download
s\Thoonganagaram-ai\nod
e_modules\tailwindcss\d
ist\lib.js:38:631)][0m
    [2m[at async Xr (C
:\Users\LENOVO\Download
s\Thoonganagaram-ai\nod
e_modules\@tailwindcss\
node\dist\index.js:10:3
417)][0m
    [2m[at async N (C:
\Users\LENOVO\Downloads
\Thoonganagaram-ai\node
_modules\@tailwindcss\p
ostcss\dist\index.js:10
:3979)][0m

> Build error occurred
Error: Turbopack build 
failed with 1 errors:
./src/app/globals.css
Error evaluating 
Node.js code
CssSyntaxError: 
tailwindcss: C:\Users\L
ENOVO\Downloads\Thoonga
nagaram-ai\src\app\glob
als.css:1:1: Cannot 
apply unknown utility 
class `shadow-[0_8px_32
px_0_rgba(31,`
    at Input.error (nod
e_modules/postcss/lib/i
nput.js:135:16) [C:\Use
rs\LENOVO\Downloads\Tho
onganagaram-ai\.next\bu
ild\chunks\node_modules
_fe693df6._.js:4651:22]
    at Root.error (node
_modules/postcss/lib/no
de.js:146:32) [C:\Users
\LENOVO\Downloads\Thoon
ganagaram-ai\.next\buil
d\chunks\node_modules_f
e693df6._.js:928:38]
    [at Object.Once (C:
\Users\LENOVO\Downloads
\Thoonganagaram-ai\node
_modules\@tailwindcss\p
ostcss\dist\index.js:10
:6913)]
    at async 
LazyResult.runAsync (no
de_modules/postcss/lib/
lazy-result.js:293:11) 
[C:\Users\LENOVO\Downlo
ads\Thoonganagaram-ai\.
next\build\chunks\node_
modules_fe693df6._.js:6
206:21]
    at async transform 
(turbopack:///[turbopac
k-node]/transforms/post
css.ts:70:34) [C:\Users
\LENOVO\Downloads\Thoon
ganagaram-ai\.next\buil
d\chunks\[root-of-the-s
erver]__51225daf._.js:1
46:36]
    at async run (turbo
pack:///[turbopack-node
]/ipc/evaluate.ts:92:23
) [C:\Users\LENOVO\Down
loads\Thoonganagaram-ai
\.next\build\chunks\[ro
ot-of-the-server]__9749
41ed._.js:443:31]

Import trace:
  Client Component 
Browser:
    
./src/app/globals.css 
[Client Component 
Browser]
    
./src/app/layout.tsx 
[Server Component]


    at async transform 
(turbopack:///[turbopac
k-node]/transforms/post
css.ts:70:34) [C:\Users
\LENOVO\Downloads\Thoon
ganagaram-ai\.next\buil
d\chunks\[root-of-the-s
erver]__51225daf._.js:1
46:36])
    at async run (turbo
pack:///[turbopack-node
]/ipc/evaluate.ts:92:23
) [C:\Users\LENOVO\Down
loads\Thoonganagaram-ai
\.next\build\chunks\[ro
ot-of-the-server]__9749
41ed._.js:443:31])
